// Jest Snapshot v1, https://goo.gl/fbAQLP

exports[`MyPracticeComponent should render a default component 1`] = `
<button
  className="MyPracticeComponent"
>
  default
</button>
`;
